{
  "resources": [
    {
      "Type": "groupsio_member",
      "ID": "groupsio_member:gm-1",
      "Data": {
        "created_at": "2026-01-01T00:00:00Z",
        "delivery_mode": "email_delivery_single",
        "email": "subscriber@example.test",
        "first_name": "Sam",
        "group_id": 145670,
        "job_title": "Engineer",
        "last_name": "Subscriber",
        "last_reviewed_at": null,
        "last_reviewed_by": null,
        "mailing_list_uid": "145670",
        "member_id": 14875835,
        "member_type": "direct",
        "mod_status": "none",
        "organization": "Example Org",
        "project_slug": "example",
        "project_uid": "P1",
        "source": "v1-sync",
        "status": "normal",
        "uid": "gm-1",
        "updated_at": "2026-01-02T00:00:00Z",
        "username": "subscriber-1"
      }
    }
  ]
}